../USB_DEVICE/Target/usbd_conf.c:94:6:HAL_PCD_MspInit	32	static
../USB_DEVICE/Target/usbd_conf.c:126:6:HAL_PCD_MspDeInit	8	static
../USB_DEVICE/Target/usbd_conf.c:156:6:HAL_PCD_SetupStageCallback	24	static
../USB_DEVICE/Target/usbd_conf.c:184:6:HAL_PCD_DataOutStageCallback	8	static
../USB_DEVICE/Target/usbd_conf.c:195:6:HAL_PCD_DataInStageCallback	8	static
../USB_DEVICE/Target/usbd_conf.c:205:6:HAL_PCD_SOFCallback	8	static
../USB_DEVICE/Target/usbd_conf.c:215:6:HAL_PCD_ResetCallback	8	static
../USB_DEVICE/Target/usbd_conf.c:245:6:HAL_PCD_SuspendCallback	8	static
../USB_DEVICE/Target/usbd_conf.c:266:6:HAL_PCD_ResumeCallback	8	static
../USB_DEVICE/Target/usbd_conf.c:279:6:HAL_PCD_ISOOUTIncompleteCallback	8	static
../USB_DEVICE/Target/usbd_conf.c:290:6:HAL_PCD_ISOINIncompleteCallback	8	static
../USB_DEVICE/Target/usbd_conf.c:300:6:HAL_PCD_ConnectCallback	8	static
../USB_DEVICE/Target/usbd_conf.c:310:6:HAL_PCD_DisconnectCallback	8	static
../USB_DEVICE/Target/usbd_conf.c:324:20:USBD_LL_Init	8	static
../USB_DEVICE/Target/usbd_conf.c:361:20:USBD_LL_DeInit	8	static
../USB_DEVICE/Target/usbd_conf.c:393:20:USBD_LL_Start	8	static
../USB_DEVICE/Target/usbd_conf.c:425:20:USBD_LL_Stop	8	static
../USB_DEVICE/Target/usbd_conf.c:460:20:USBD_LL_OpenEP	8	static
../USB_DEVICE/Target/usbd_conf.c:493:20:USBD_LL_CloseEP	8	static
../USB_DEVICE/Target/usbd_conf.c:526:20:USBD_LL_FlushEP	8	static
../USB_DEVICE/Target/usbd_conf.c:559:20:USBD_LL_StallEP	8	static
../USB_DEVICE/Target/usbd_conf.c:592:20:USBD_LL_ClearStallEP	8	static
../USB_DEVICE/Target/usbd_conf.c:625:9:USBD_LL_IsStallEP	0	static
../USB_DEVICE/Target/usbd_conf.c:645:20:USBD_LL_SetUSBAddress	8	static
../USB_DEVICE/Target/usbd_conf.c:680:20:USBD_LL_Transmit	8	static
../USB_DEVICE/Target/usbd_conf.c:715:20:USBD_LL_PrepareReceive	8	static
../USB_DEVICE/Target/usbd_conf.c:748:10:USBD_LL_GetRxDataSize	8	static
../USB_DEVICE/Target/usbd_conf.c:796:6:USBD_LL_Delay	8	static
